# Command: python test_kaggle.py --checkpoint srnet_steganogan_best.pth --images 200
# Date: 2026-07-09
# Model: srnet_steganogan_best.pth  (output of the SteganoGAN-focus finetune)

Checkpoint: srnet_steganogan_best.pth  (saved val_acc: 88.24324324324324)
Images per folder: 200  |  Aggregation modes: max, mean, vote, p80

Scoring COVER 'BOSS & BOWS2' (200 images)...
    max: min 0.040  median 0.237  mean 0.300  max 0.872
   mean: min 0.040  median 0.172  mean 0.207  max 0.745
   vote: min 0.000  median 0.000  mean 0.170  max 1.000
    p80: min 0.040  median 0.187  mean 0.232  max 0.745
Scoring COVER 'Flickr30k' (200 images)...
    max: min 0.054  median 0.218  mean 0.254  max 0.796
   mean: min 0.040  median 0.147  mean 0.164  max 0.580
   vote: min 0.000  median 0.000  mean 0.064  max 1.000
    p80: min 0.045  median 0.175  mean 0.199  max 0.702
Scoring COVER 'BOSSbase_256' (200 images)...
    max: min 0.035  median 0.105  mean 0.155  max 0.747
   mean: min 0.035  median 0.105  mean 0.155  max 0.747
   vote: min 0.000  median 0.000  mean 0.075  max 1.000
    p80: min 0.035  median 0.105  mean 0.155  max 0.747
Scoring STEGO 'S-UNIWARD 0.2' (200 images)...
    max: min 0.045  median 0.121  mean 0.173  max 0.868
   mean: min 0.045  median 0.121  mean 0.173  max 0.868
   vote: min 0.000  median 0.000  mean 0.080  max 1.000
    p80: min 0.045  median 0.121  mean 0.173  max 0.868
Scoring STEGO 'S-UNIWARD 0.4' (200 images)...
    max: min 0.051  median 0.181  mean 0.272  max 0.929
   mean: min 0.051  median 0.181  mean 0.272  max 0.929
   vote: min 0.000  median 0.000  mean 0.235  max 1.000
    p80: min 0.051  median 0.181  mean 0.272  max 0.929
Scoring STEGO 'LSB' (200 images)...
    max: min 0.940  median 0.988  mean 0.986  max 0.999
   mean: min 0.532  median 0.945  mean 0.921  max 0.991
   vote: min 0.607  median 1.000  mean 0.991  max 1.000
    p80: min 0.780  median 0.973  mean 0.969  max 0.996
Scoring STEGO 'DCT' (200 images)...
    max: min 0.568  median 0.952  mean 0.939  max 0.982
   mean: min 0.219  median 0.785  mean 0.758  max 0.967
   vote: min 0.148  median 0.981  mean 0.914  max 1.000
    p80: min 0.319  median 0.918  mean 0.887  max 0.974
Scoring STEGO 'FFT' (200 images)...
    max: min 0.442  median 0.958  mean 0.944  max 0.993
   mean: min 0.232  median 0.703  mean 0.675  max 0.943
   vote: min 0.045  median 0.892  mean 0.822  max 1.000
    p80: min 0.278  median 0.903  mean 0.856  max 0.981
Scoring COVER 'SGAN cover' (200 images)...
    max: min 0.045  median 0.225  mean 0.335  max 0.961
   mean: min 0.021  median 0.119  mean 0.190  max 0.928
   vote: min 0.000  median 0.000  mean 0.155  max 1.000
    p80: min 0.023  median 0.148  mean 0.240  max 0.954
Scoring STEGO 'SGAN dense' (200 images)...
    max: min 0.581  median 0.963  mean 0.952  max 0.992
   mean: min 0.430  median 0.914  mean 0.879  max 0.984
   vote: min 0.920  median 1.000  mean 0.998  max 1.000
    p80: min 0.454  median 0.947  mean 0.925  max 0.991
Scoring STEGO 'SGAN basic' (200 images)...
    max: min 0.254  median 0.952  mean 0.922  max 0.995
   mean: min 0.140  median 0.843  mean 0.776  max 0.973
   vote: min 0.000  median 1.000  mean 0.920  max 1.000
    p80: min 0.182  median 0.923  mean 0.871  max 0.992
Scoring STEGO 'SGAN residual' (200 images)...
    max: min 0.455  median 0.950  mean 0.914  max 0.996
   mean: min 0.231  median 0.833  mean 0.773  max 0.992
   vote: min 0.120  median 1.000  mean 0.933  max 1.000
    p80: min 0.314  median 0.910  mean 0.861  max 0.995
Scoring COVER 'SGANv3 cover' (200 images)...
    max: min 0.045  median 0.225  mean 0.335  max 0.961
   mean: min 0.021  median 0.119  mean 0.190  max 0.928
   vote: min 0.000  median 0.000  mean 0.155  max 1.000
    p80: min 0.023  median 0.148  mean 0.240  max 0.954
Scoring STEGO 'SGANv3 dense' (200 images)...
    max: min 0.581  median 0.965  mean 0.945  max 0.988
   mean: min 0.436  median 0.908  mean 0.852  max 0.973
   vote: min 0.800  median 1.000  mean 0.992  max 1.000
    p80: min 0.469  median 0.946  mean 0.907  max 0.983
Scoring STEGO 'SGANv3 basic' (200 images)...
    max: min 0.190  median 0.950  mean 0.912  max 0.992
   mean: min 0.133  median 0.817  mean 0.758  max 0.969
   vote: min 0.000  median 1.000  mean 0.904  max 1.000
    p80: min 0.164  median 0.917  mean 0.858  max 0.988
Scoring STEGO 'SGANv3 residual' (200 images)...
    max: min 0.521  median 0.952  mean 0.926  max 0.995
   mean: min 0.230  median 0.845  mean 0.794  max 0.987
   vote: min 0.120  median 1.000  mean 0.945  max 1.000
    p80: min 0.289  median 0.925  mean 0.873  max 0.992

================================================================================
AGGREGATION MODE: max
================================================================================
  COVER BOSS & BOWS2   n=200  min 0.040  median 0.237  mean 0.300  max 0.872
  COVER Flickr30k      n=200  min 0.054  median 0.218  mean 0.254  max 0.796
  COVER BOSSbase_256   n=200  min 0.035  median 0.105  mean 0.155  max 0.747
  STEGO S-UNIWARD 0.2  n=200  min 0.045  median 0.121  mean 0.173  max 0.868
  STEGO S-UNIWARD 0.4  n=200  min 0.051  median 0.181  mean 0.272  max 0.929
  STEGO LSB            n=200  min 0.940  median 0.988  mean 0.986  max 0.999
  STEGO DCT            n=200  min 0.568  median 0.952  mean 0.939  max 0.982
  STEGO FFT            n=200  min 0.442  median 0.958  mean 0.944  max 0.993
  COVER SGAN cover     n=200  min 0.045  median 0.225  mean 0.335  max 0.961
  STEGO SGAN dense     n=200  min 0.581  median 0.963  mean 0.952  max 0.992
  STEGO SGAN basic     n=200  min 0.254  median 0.952  mean 0.922  max 0.995
  STEGO SGAN residual  n=200  min 0.455  median 0.950  mean 0.914  max 0.996
  COVER SGANv3 cover   n=200  min 0.045  median 0.225  mean 0.335  max 0.961
  STEGO SGANv3 dense   n=200  min 0.581  median 0.965  mean 0.945  max 0.988
  STEGO SGANv3 basic   n=200  min 0.190  median 0.950  mean 0.912  max 0.992
  STEGO SGANv3 residual n=200  min 0.521  median 0.952  mean 0.926  max 0.995

   thresh |     TNR |  TPR bas |  TPR ada |  bal-acc |     LSB |     DCT |     FFT
  --------------------------------------------------------------------------
     0.30 |   67.3% |   100.0% |    19.0% |    83.7% |  100.0% |  100.0% |  100.0%
     0.35 |   71.9% |   100.0% |    15.8% |    85.9% |  100.0% |  100.0% |  100.0%
     0.40 |   75.8% |   100.0% |    14.0% |    87.9% |  100.0% |  100.0% |  100.0%
     0.45 |   79.4% |    99.8% |    12.0% |    89.6% |  100.0% |  100.0% |   99.5%
     0.50 |   83.8% |    99.8% |    11.0% |    91.8% |  100.0% |  100.0% |   99.5%
     0.55 |   87.7% |    99.7% |     9.8% |    93.7% |  100.0% |  100.0% |   99.0%
     0.60 |   89.5% |    99.3% |     7.8% |    94.4% |  100.0% |   99.0% |   99.0%
     0.65 |   91.6% |    99.3% |     6.0% |    95.5% |  100.0% |   99.0% |   99.0%
     0.70 |   93.4% |    98.8% |     4.8% |    96.1% |  100.0% |   98.0% |   98.5%
     0.75 |   94.7% |    98.7% |     4.0% |    96.7% |  100.0% |   97.5% |   98.5%
     0.80 |   96.4% |    98.3% |     3.2% |    97.4% |  100.0% |   97.5% |   97.5%  <-- best

================================================================================
AGGREGATION MODE: mean
================================================================================
  COVER BOSS & BOWS2   n=200  min 0.040  median 0.172  mean 0.207  max 0.745
  COVER Flickr30k      n=200  min 0.040  median 0.147  mean 0.164  max 0.580
  COVER BOSSbase_256   n=200  min 0.035  median 0.105  mean 0.155  max 0.747
  STEGO S-UNIWARD 0.2  n=200  min 0.045  median 0.121  mean 0.173  max 0.868
  STEGO S-UNIWARD 0.4  n=200  min 0.051  median 0.181  mean 0.272  max 0.929
  STEGO LSB            n=200  min 0.532  median 0.945  mean 0.921  max 0.991
  STEGO DCT            n=200  min 0.219  median 0.785  mean 0.758  max 0.967
  STEGO FFT            n=200  min 0.232  median 0.703  mean 0.675  max 0.943
  COVER SGAN cover     n=200  min 0.021  median 0.119  mean 0.190  max 0.928
  STEGO SGAN dense     n=200  min 0.430  median 0.914  mean 0.879  max 0.984
  STEGO SGAN basic     n=200  min 0.140  median 0.843  mean 0.776  max 0.973
  STEGO SGAN residual  n=200  min 0.231  median 0.833  mean 0.773  max 0.992
  COVER SGANv3 cover   n=200  min 0.021  median 0.119  mean 0.190  max 0.928
  STEGO SGANv3 dense   n=200  min 0.436  median 0.908  mean 0.852  max 0.973
  STEGO SGANv3 basic   n=200  min 0.133  median 0.817  mean 0.758  max 0.969
  STEGO SGANv3 residual n=200  min 0.230  median 0.845  mean 0.794  max 0.987

   thresh |     TNR |  TPR bas |  TPR ada |  bal-acc |     LSB |     DCT |     FFT
  --------------------------------------------------------------------------
     0.30 |   84.8% |    98.7% |    19.0% |    91.7% |  100.0% |   99.0% |   97.0%
     0.35 |   88.5% |    97.2% |    15.8% |    92.8% |  100.0% |   97.5% |   94.0%
     0.40 |   92.1% |    96.2% |    14.0% |    94.1% |  100.0% |   97.0% |   91.5%  <-- best
     0.45 |   93.3% |    94.3% |    12.0% |    93.8% |  100.0% |   95.5% |   87.5%
     0.50 |   94.5% |    93.2% |    11.0% |    93.8% |  100.0% |   94.5% |   85.0%
     0.55 |   95.5% |    90.3% |     9.8% |    92.9% |   99.5% |   91.5% |   80.0%
     0.60 |   96.5% |    86.0% |     7.8% |    91.2% |   99.5% |   87.5% |   71.0%
     0.65 |   98.2% |    79.7% |     6.0% |    88.9% |   99.5% |   80.5% |   59.0%
     0.70 |   98.6% |    73.7% |     4.8% |    86.1% |   97.5% |   73.0% |   50.5%
     0.75 |   99.2% |    64.7% |     4.0% |    81.9% |   96.0% |   61.0% |   37.0%
     0.80 |   99.4% |    55.3% |     3.2% |    77.4% |   94.0% |   46.5% |   25.5%

================================================================================
AGGREGATION MODE: vote
================================================================================
  COVER BOSS & BOWS2   n=200  min 0.000  median 0.000  mean 0.170  max 1.000
  COVER Flickr30k      n=200  min 0.000  median 0.000  mean 0.064  max 1.000
  COVER BOSSbase_256   n=200  min 0.000  median 0.000  mean 0.075  max 1.000
  STEGO S-UNIWARD 0.2  n=200  min 0.000  median 0.000  mean 0.080  max 1.000
  STEGO S-UNIWARD 0.4  n=200  min 0.000  median 0.000  mean 0.235  max 1.000
  STEGO LSB            n=200  min 0.607  median 1.000  mean 0.991  max 1.000
  STEGO DCT            n=200  min 0.148  median 0.981  mean 0.914  max 1.000
  STEGO FFT            n=200  min 0.045  median 0.892  mean 0.822  max 1.000
  COVER SGAN cover     n=200  min 0.000  median 0.000  mean 0.155  max 1.000
  STEGO SGAN dense     n=200  min 0.920  median 1.000  mean 0.998  max 1.000
  STEGO SGAN basic     n=200  min 0.000  median 1.000  mean 0.920  max 1.000
  STEGO SGAN residual  n=200  min 0.120  median 1.000  mean 0.933  max 1.000
  COVER SGANv3 cover   n=200  min 0.000  median 0.000  mean 0.155  max 1.000
  STEGO SGANv3 dense   n=200  min 0.800  median 1.000  mean 0.992  max 1.000
  STEGO SGANv3 basic   n=200  min 0.000  median 1.000  mean 0.904  max 1.000
  STEGO SGANv3 residual n=200  min 0.120  median 1.000  mean 0.945  max 1.000

   thresh |     TNR |  TPR bas |  TPR ada |  bal-acc |     LSB |     DCT |     FFT
  --------------------------------------------------------------------------
     0.30 |   85.8% |    98.5% |    15.8% |    92.2% |  100.0% |   98.0% |   97.5%
     0.35 |   86.8% |    97.8% |    15.8% |    92.3% |  100.0% |   98.0% |   95.5%
     0.40 |   87.8% |    97.7% |    15.8% |    92.7% |  100.0% |   98.0% |   95.0%
     0.45 |   88.8% |    96.7% |    15.8% |    92.7% |  100.0% |   97.0% |   93.0%
     0.50 |   89.3% |    96.2% |    15.8% |    92.7% |  100.0% |   97.0% |   91.5%
     0.55 |   90.4% |    95.3% |    15.8% |    92.9% |  100.0% |   97.0% |   89.0%  <-- best
     0.60 |   90.9% |    94.0% |    15.8% |    92.5% |  100.0% |   96.0% |   86.0%
     0.65 |   91.6% |    91.7% |    15.8% |    91.6% |   99.5% |   94.0% |   81.5%
     0.70 |   91.8% |    89.5% |    15.8% |    90.7% |   99.5% |   91.5% |   77.5%
     0.75 |   92.1% |    86.7% |    15.8% |    89.4% |   99.5% |   88.0% |   72.5%
     0.80 |   92.2% |    83.3% |    15.8% |    87.8% |   99.0% |   85.5% |   65.5%

================================================================================
AGGREGATION MODE: p80
================================================================================
  COVER BOSS & BOWS2   n=200  min 0.040  median 0.187  mean 0.232  max 0.745
  COVER Flickr30k      n=200  min 0.045  median 0.175  mean 0.199  max 0.702
  COVER BOSSbase_256   n=200  min 0.035  median 0.105  mean 0.155  max 0.747
  STEGO S-UNIWARD 0.2  n=200  min 0.045  median 0.121  mean 0.173  max 0.868
  STEGO S-UNIWARD 0.4  n=200  min 0.051  median 0.181  mean 0.272  max 0.929
  STEGO LSB            n=200  min 0.780  median 0.973  mean 0.969  max 0.996
  STEGO DCT            n=200  min 0.319  median 0.918  mean 0.887  max 0.974
  STEGO FFT            n=200  min 0.278  median 0.903  mean 0.856  max 0.981
  COVER SGAN cover     n=200  min 0.023  median 0.148  mean 0.240  max 0.954
  STEGO SGAN dense     n=200  min 0.454  median 0.947  mean 0.925  max 0.991
  STEGO SGAN basic     n=200  min 0.182  median 0.923  mean 0.871  max 0.992
  STEGO SGAN residual  n=200  min 0.314  median 0.910  mean 0.861  max 0.995
  COVER SGANv3 cover   n=200  min 0.023  median 0.148  mean 0.240  max 0.954
  STEGO SGANv3 dense   n=200  min 0.469  median 0.946  mean 0.907  max 0.983
  STEGO SGANv3 basic   n=200  min 0.164  median 0.917  mean 0.858  max 0.988
  STEGO SGANv3 residual n=200  min 0.289  median 0.925  mean 0.873  max 0.992

   thresh |     TNR |  TPR bas |  TPR ada |  bal-acc |     LSB |     DCT |     FFT
  --------------------------------------------------------------------------
     0.30 |   79.1% |    99.8% |    19.0% |    89.5% |  100.0% |  100.0% |   99.5%
     0.35 |   83.7% |    99.3% |    15.8% |    91.5% |  100.0% |   99.5% |   98.5%
     0.40 |   86.7% |    99.0% |    14.0% |    92.8% |  100.0% |   98.5% |   98.5%
     0.45 |   90.0% |    97.8% |    12.0% |    93.9% |  100.0% |   98.0% |   95.5%
     0.50 |   92.2% |    97.0% |    11.0% |    94.6% |  100.0% |   97.5% |   93.5%
     0.55 |   93.3% |    96.5% |     9.8% |    94.9% |  100.0% |   97.5% |   92.0%
     0.60 |   94.7% |    96.5% |     7.8% |    95.6% |  100.0% |   97.5% |   92.0%
     0.65 |   95.8% |    95.7% |     6.0% |    95.7% |  100.0% |   96.0% |   91.0%  <-- best
     0.70 |   96.0% |    94.7% |     4.8% |    95.3% |  100.0% |   94.5% |   89.5%
     0.75 |   98.2% |    92.8% |     4.0% |    95.5% |  100.0% |   92.5% |   86.0%
     0.80 |   98.6% |    91.0% |     3.2% |    94.8% |   99.5% |   90.0% |   83.5%

################################################################################
BEST OPERATING POINT PER MODE  (ranked by balanced accuracy)
################################################################################
    mode |  thresh |     TNR |  TPR basic |  TPR adapt |  bal-acc
  ----------------------------------------------------------------
     max |    0.80 |   96.4% |      98.3% |       3.2% |    97.4%
     p80 |    0.65 |   95.8% |      95.7% |       6.0% |    95.7%
    mean |    0.40 |   92.1% |      96.2% |      14.0% |    94.1%
    vote |    0.55 |   90.4% |      95.3% |      15.8% |    92.9%
  ----------------------------------------------------------------
  WINNER: mode=max  threshold=0.80  bal-acc=97.4%
################################################################################
