########## srnet_steganogan_best.pth (newest, val 88.24) ##########
Checkpoint: srnet_steganogan_best.pth  (saved val_acc: 88.24324324324324)

==============================================================================
S-UNIWARD — vs MATCHED cover  (n=10000/folder, mode=max)
==============================================================================
    ...250/10000
    ...500/10000
    ...750/10000
    ...1000/10000
    ...1250/10000
    ...1500/10000
    ...1750/10000
    ...2000/10000
    ...2250/10000
    ...2500/10000
    ...2750/10000
    ...3000/10000
    ...3250/10000
    ...3500/10000
    ...3750/10000
    ...4000/10000
    ...4250/10000
    ...4500/10000
    ...4750/10000
    ...5000/10000
    ...5250/10000
    ...5500/10000
    ...5750/10000
    ...6000/10000
    ...6250/10000
    ...6500/10000
    ...6750/10000
    ...7000/10000
    ...7250/10000
    ...7500/10000
    ...7750/10000
    ...8000/10000
    ...8250/10000
    ...8500/10000
    ...8750/10000
    ...9000/10000
    ...9250/10000
    ...9500/10000
    ...9750/10000
    ...10000/10000

  MATCHED COVER  BOSSbase_256     n=10000 median 0.120  mean 0.179
    ...250/10000
    ...500/10000
    ...750/10000
    ...1000/10000
    ...1250/10000
    ...1500/10000
    ...1750/10000
    ...2000/10000
    ...2250/10000
    ...2500/10000
    ...2750/10000
    ...3000/10000
    ...3250/10000
    ...3500/10000
    ...3750/10000
    ...4000/10000
    ...4250/10000
    ...4500/10000
    ...4750/10000
    ...5000/10000
    ...5250/10000
    ...5500/10000
    ...5750/10000
    ...6000/10000
    ...6250/10000
    ...6500/10000
    ...6750/10000
    ...7000/10000
    ...7250/10000
    ...7500/10000
    ...7750/10000
    ...8000/10000
    ...8250/10000
    ...8500/10000
    ...8750/10000
    ...9000/10000
    ...9250/10000
    ...9500/10000
    ...9750/10000
    ...10000/10000
  STEGO          S-UNIWARD 0.2    n=10000 median 0.148  mean 0.221   Δmedian vs matched cover +0.028
    ...250/10000
    ...500/10000
    ...750/10000
    ...1000/10000
    ...1250/10000
    ...1500/10000
    ...1750/10000
    ...2000/10000
    ...2250/10000
    ...2500/10000
    ...2750/10000
    ...3000/10000
    ...3250/10000
    ...3500/10000
    ...3750/10000
    ...4000/10000
    ...4250/10000
    ...4500/10000
    ...4750/10000
    ...5000/10000
    ...5250/10000
    ...5500/10000
    ...5750/10000
    ...6000/10000
    ...6250/10000
    ...6500/10000
    ...6750/10000
    ...7000/10000
    ...7250/10000
    ...7500/10000
    ...7750/10000
    ...8000/10000
    ...8250/10000
    ...8500/10000
    ...8750/10000
    ...9000/10000
    ...9250/10000
    ...9500/10000
    ...9750/10000
    ...10000/10000
  STEGO          S-UNIWARD 0.4    n=10000 median 0.274  mean 0.386   Δmedian vs matched cover +0.154

   threshold |     TNR |  S-UNIWARD 0.2 |  S-UNIWARD 0.4
  --------------------------------------------------------
        0.30 |   84.1% |          21.6% |          47.2%
        0.50 |   93.5% |          10.1% |          31.3%
        0.65 |   97.3% |           5.5% |          22.9%
        0.80 |   99.4% |           1.9% |          14.3%

########## srnet_finetuned_best.pth (deployed in frontend, val 87.21) ##########
Checkpoint: srnet_finetuned_best.pth  (saved val_acc: 87.21399730820995)

==============================================================================
S-UNIWARD — vs MATCHED cover  (n=10000/folder, mode=max)
==============================================================================
    ...250/10000
    ...500/10000
    ...750/10000
    ...1000/10000
    ...1250/10000
    ...1500/10000
    ...1750/10000
    ...2000/10000
    ...2250/10000
    ...2500/10000
    ...2750/10000
    ...3000/10000
    ...3250/10000
    ...3500/10000
    ...3750/10000
    ...4000/10000
    ...4250/10000
    ...4500/10000
    ...4750/10000
    ...5000/10000
    ...5250/10000
    ...5500/10000
    ...5750/10000
    ...6000/10000
    ...6250/10000
    ...6500/10000
    ...6750/10000
    ...7000/10000
    ...7250/10000
    ...7500/10000
    ...7750/10000
    ...8000/10000
    ...8250/10000
    ...8500/10000
    ...8750/10000
    ...9000/10000
    ...9250/10000
    ...9500/10000
    ...9750/10000
    ...10000/10000

  MATCHED COVER  BOSSbase_256     n=10000 median 0.152  mean 0.208
    ...250/10000
    ...500/10000
    ...750/10000
    ...1000/10000
    ...1250/10000
    ...1500/10000
    ...1750/10000
    ...2000/10000
    ...2250/10000
    ...2500/10000
    ...2750/10000
    ...3000/10000
    ...3250/10000
    ...3500/10000
    ...3750/10000
    ...4000/10000
    ...4250/10000
    ...4500/10000
    ...4750/10000
    ...5000/10000
    ...5250/10000
    ...5500/10000
    ...5750/10000
    ...6000/10000
    ...6250/10000
    ...6500/10000
    ...6750/10000
    ...7000/10000
    ...7250/10000
    ...7500/10000
    ...7750/10000
    ...8000/10000
    ...8250/10000
    ...8500/10000
    ...8750/10000
    ...9000/10000
    ...9250/10000
    ...9500/10000
    ...9750/10000
    ...10000/10000
  STEGO          S-UNIWARD 0.2    n=10000 median 0.186  mean 0.251   Δmedian vs matched cover +0.034
    ...250/10000
    ...500/10000
    ...750/10000
    ...1000/10000
    ...1250/10000
    ...1500/10000
    ...1750/10000
    ...2000/10000
    ...2250/10000
    ...2500/10000
    ...2750/10000
    ...3000/10000
    ...3250/10000
    ...3500/10000
    ...3750/10000
    ...4000/10000
    ...4250/10000
    ...4500/10000
    ...4750/10000
    ...5000/10000
    ...5250/10000
    ...5500/10000
    ...5750/10000
    ...6000/10000
    ...6250/10000
    ...6500/10000
    ...6750/10000
    ...7000/10000
    ...7250/10000
    ...7500/10000
    ...7750/10000
    ...8000/10000
    ...8250/10000
    ...8500/10000
    ...8750/10000
    ...9000/10000
    ...9250/10000
    ...9500/10000
    ...9750/10000
    ...10000/10000
  STEGO          S-UNIWARD 0.4    n=10000 median 0.322  mean 0.415   Δmedian vs matched cover +0.170

   threshold |     TNR |  S-UNIWARD 0.2 |  S-UNIWARD 0.4
  --------------------------------------------------------
        0.30 |   79.5% |          26.3% |          53.3%
        0.50 |   92.5% |          11.3% |          33.3%
        0.65 |   96.5% |           6.2% |          24.1%
        0.80 |   99.4% |           2.0% |          13.9%
